// Jest Snapshot v1, https://goo.gl/fbAQLP

exports[`<Banner /> render a label 1`] = `
ShallowWrapper {
  "length": 1,
  Symbol(enzyme.__root__): [Circular],
  Symbol(enzyme.__unrendered__): <Banner
    text={
        Array [
            "Hello, this is Elliot Evans.",
            "Front-end Developer here...",
            "Example",
            "There would be a short description from one of my blog posts but instead here is some placeholder text",
          ]
    }
>
    Hello Jest!
</Banner>,
  Symbol(enzyme.__renderer__): Object {
    "batchedUpdates": [Function],
    "getNode": [Function],
    "render": [Function],
    "simulateEvent": [Function],
    "unmount": [Function],
  },
  Symbol(enzyme.__node__): Object {
    "instance": null,
    "key": undefined,
    "nodeType": "class",
    "props": Object {
      "children": Array [
        <styled.img
          alt="My face"
          src="https://avatars0.githubusercontent.com/u/22132230?s=400&v=4"
/>,
        <styled.div>
          <styled.h1>
                    Hello, this is Elliot Evans.
          </styled.h1>
          <styled.h3>
                    Front-end Developer here...
          </styled.h3>
</styled.div>,
      ],
    },
    "ref": null,
    "rendered": Array [
      Object {
        "instance": null,
        "key": undefined,
        "nodeType": "class",
        "props": Object {
          "alt": "My face",
          "src": "https://avatars0.githubusercontent.com/u/22132230?s=400&v=4",
        },
        "ref": null,
        "rendered": null,
        "type": [Function],
      },
      Object {
        "instance": null,
        "key": undefined,
        "nodeType": "class",
        "props": Object {
          "children": Array [
            <styled.h1>
              Hello, this is Elliot Evans.
</styled.h1>,
            <styled.h3>
              Front-end Developer here...
</styled.h3>,
          ],
        },
        "ref": null,
        "rendered": Array [
          Object {
            "instance": null,
            "key": undefined,
            "nodeType": "class",
            "props": Object {
              "children": "Hello, this is Elliot Evans.",
            },
            "ref": null,
            "rendered": "Hello, this is Elliot Evans.",
            "type": [Function],
          },
          Object {
            "instance": null,
            "key": undefined,
            "nodeType": "class",
            "props": Object {
              "children": "Front-end Developer here...",
            },
            "ref": null,
            "rendered": "Front-end Developer here...",
            "type": [Function],
          },
        ],
        "type": [Function],
      },
    ],
    "type": [Function],
  },
  Symbol(enzyme.__nodes__): Array [
    Object {
      "instance": null,
      "key": undefined,
      "nodeType": "class",
      "props": Object {
        "children": Array [
          <styled.img
            alt="My face"
            src="https://avatars0.githubusercontent.com/u/22132230?s=400&v=4"
/>,
          <styled.div>
            <styled.h1>
                        Hello, this is Elliot Evans.
            </styled.h1>
            <styled.h3>
                        Front-end Developer here...
            </styled.h3>
</styled.div>,
        ],
      },
      "ref": null,
      "rendered": Array [
        Object {
          "instance": null,
          "key": undefined,
          "nodeType": "class",
          "props": Object {
            "alt": "My face",
            "src": "https://avatars0.githubusercontent.com/u/22132230?s=400&v=4",
          },
          "ref": null,
          "rendered": null,
          "type": [Function],
        },
        Object {
          "instance": null,
          "key": undefined,
          "nodeType": "class",
          "props": Object {
            "children": Array [
              <styled.h1>
                Hello, this is Elliot Evans.
</styled.h1>,
              <styled.h3>
                Front-end Developer here...
</styled.h3>,
            ],
          },
          "ref": null,
          "rendered": Array [
            Object {
              "instance": null,
              "key": undefined,
              "nodeType": "class",
              "props": Object {
                "children": "Hello, this is Elliot Evans.",
              },
              "ref": null,
              "rendered": "Hello, this is Elliot Evans.",
              "type": [Function],
            },
            Object {
              "instance": null,
              "key": undefined,
              "nodeType": "class",
              "props": Object {
                "children": "Front-end Developer here...",
              },
              "ref": null,
              "rendered": "Front-end Developer here...",
              "type": [Function],
            },
          ],
          "type": [Function],
        },
      ],
      "type": [Function],
    },
  ],
  Symbol(enzyme.__options__): Object {
    "adapter": ReactSixteenAdapter {
      "options": Object {
        "enableComponentDidUpdateOnSetState": true,
      },
    },
  },
}
`;
